// Jest Snapshot v1, https://goo.gl/fbAQLP

exports[`assures types: sample.ts exports 1`] = `
Object {
  "hello": "string",
  "user": "User",
  "world": "number",
}
`;
